Error: EIO: i/o error, copyfile 'I:\Music\Various - The Time Released Sound Around the World Ambient Program (2019) [FLAC] {TRS080}\09. How To Disappear Completely - Sever.flac' -> 'G:\I_Music_Backup\Various - The Time Released Sound Around the World Ambient Program (2019) [FLAC] {TRS080}\09. How To Disappear Completely - Sever.flac'
Error: EIO: i/o error, copyfile 'H:\Top\Music\Olivier Korber - Double jeu (Chopin, Etudes, Op. 25) (2018) \15. Etudes, Op. 25- No. 10 in B Minor.flac' -> 'G:\H_Music_Backup\Olivier Korber - Double jeu (Chopin, Etudes, Op. 25) (2018) \15. Etudes, Op. 25- No. 10 in B Minor.flac'
Error: EIO: i/o error, copyfile 'H:\Top\Music\Trio Mediaeval and Arve Henriksen - Rimur (2017) [CD ]\Artwork\folleto02.jpg' -> 'G:\H_Music_Backup\Trio Mediaeval and Arve Henriksen - Rimur (2017) [CD ]\Artwork\folleto02.jpg'
Error: Cannot overwrite directory 'G:/H_Music_Backup/Bill Nelson - Kid Flip And The Golden Spacemen, 2017 .rar' with non-directory 'H:/Top/Music/Bill Nelson - Kid Flip And The Golden Spacemen, 2017 .rar'.
Error: EIO: i/o error, copyfile 'H:\Top\Music\Fred Frith and Hans Koch - You Are Here\06 road, mirror, forest, sea.flac' -> 'G:\H_Music_Backup\Fred Frith and Hans Koch - You Are Here\06 road, mirror, forest, sea.flac'
Error: EIO: i/o error, copyfile 'H:\Top\Music\Various - Peaceful Piano\9 - Jorge Bolet - Liebestraum No.3 in A Flat Major, S.541.flac' -> 'G:\H_Music_Backup\Various - Peaceful Piano\9 - Jorge Bolet - Liebestraum No.3 in A Flat Major, S.541.flac'
